
> agent-workflow@1.1.0-dev.0 test
> node --test validator/test/*.test.js

TAP version 13
# Subtest: allows new tests for approved acceptance behaviour
ok 1 - allows new tests for approved acceptance behaviour
  ---
  duration_ms: 2.160125
  type: 'test'
  ...
# Subtest: removing an existing mapping blocks integration
ok 2 - removing an existing mapping blocks integration
  ---
  duration_ms: 0.241667
  type: 'test'
  ...
# Subtest: disabled and missing required execution block integration
ok 3 - disabled and missing required execution block integration
  ---
  duration_ms: 0.099667
  type: 'test'
  ...
# Subtest: unknown acceptance references reject unsupported specification approval claims
ok 4 - unknown acceptance references reject unsupported specification approval claims
  ---
  duration_ms: 0.166625
  type: 'test'
  ...
# Subtest: preserved mapping permits a justified test correction; semantic review remains required
ok 5 - preserved mapping permits a justified test correction; semantic review remains required
  ---
  duration_ms: 0.193666
  type: 'test'
  ...
# Subtest: stale execution reports cannot prove tests ran for a candidate
ok 6 - stale execution reports cannot prove tests ran for a candidate
  ---
  duration_ms: 0.07375
  type: 'test'
  ...
# Subtest: unrelated future acceptance definitions do not block the current task
ok 7 - unrelated future acceptance definitions do not block the current task
  ---
  duration_ms: 0.107833
  type: 'test'
  ...
# Subtest: ci exits 0 for a planning-only change while the task is blocked
ok 8 - ci exits 0 for a planning-only change while the task is blocked
  ---
  duration_ms: 35.459875
  type: 'test'
  ...
# Subtest: ci exits 1 for a production change while the task is blocked
ok 9 - ci exits 1 for a production change while the task is blocked
  ---
  duration_ms: 34.580209
  type: 'test'
  ...
# Subtest: records exits 0 on valid records and --json prints JSON
ok 10 - records exits 0 on valid records and --json prints JSON
  ---
  duration_ms: 30.691125
  type: 'test'
  ...
# Subtest: an unknown command exits 2
ok 11 - an unknown command exits 2
  ---
  duration_ms: 27.564708
  type: 'test'
  ...
# Subtest: a Resolved baseline without approval evidence cannot authorise work
ok 12 - a Resolved baseline without approval evidence cannot authorise work
  ---
  duration_ms: 7.401083
  type: 'test'
  ...
# Subtest: path-scoped unresolved decisions block even if omitted from task decisions
ok 13 - path-scoped unresolved decisions block even if omitted from task decisions
  ---
  duration_ms: 5.933208
  type: 'test'
  ...
# Subtest: invalid profile and decision records fail readiness
ok 14 - invalid profile and decision records fail readiness
  ---
  duration_ms: 5.653791
  type: 'test'
  ...
# Subtest: superseded decisions cannot be used only through prerequisites
ok 15 - superseded decisions cannot be used only through prerequisites
  ---
  duration_ms: 4.727708
  type: 'test'
  ...
# Subtest: generated artifacts cannot bypass production gates
ok 16 - generated artifacts cannot bypass production gates
  ---
  duration_ms: 7.120792
  type: 'test'
  ...
# Subtest: gitSource lists nested records and pins a symbolic revision once
ok 17 - gitSource lists nested records and pins a symbolic revision once
  ---
  duration_ms: 123.83075
  type: 'test'
  ...
# Subtest: CLI refuses a failed git diff instead of approving an empty change
ok 18 - CLI refuses a failed git diff instead of approving an empty change
  ---
  duration_ms: 42.377917
  type: 'test'
  ...
# Subtest: directory sources cannot read outside their root
ok 19 - directory sources cannot read outside their root
  ---
  duration_ms: 3.916458
  type: 'test'
  ...
# Subtest: task needs a milestone, scope, acceptance, start and feature verification context
ok 20 - task needs a milestone, scope, acceptance, start and feature verification context
  ---
  duration_ms: 5.929625
  type: 'test'
  ...
# Subtest: candidate cannot drop trusted task prerequisites or deferred inputs
ok 21 - candidate cannot drop trusted task prerequisites or deferred inputs
  ---
  duration_ms: 9.890791
  type: 'test'
  ...
# Subtest: candidate cannot move the task backwards to avoid a stage gate
ok 22 - candidate cannot move the task backwards to avoid a stage gate
  ---
  duration_ms: 9.596459
  type: 'test'
  ...
# Subtest: CI requires candidate verification and independent review, not readiness alone
ok 23 - CI requires candidate verification and independent review, not readiness alone
  ---
  duration_ms: 5.968208
  type: 'test'
  ...
# Subtest: candidate enforcement changes require a separate workflow-change receipt
ok 24 - candidate enforcement changes require a separate workflow-change receipt
  ---
  duration_ms: 4.601167
  type: 'test'
  ...
# Subtest: candidate cannot evade a feature-scoped decision by renaming its feature
ok 25 - candidate cannot evade a feature-scoped decision by renaming its feature
  ---
  duration_ms: 7.785584
  type: 'test'
  ...
# Subtest: 01-unresolved-decision-blocks \#1 readiness T-0001 
ok 26 - 01-unresolved-decision-blocks \#1 readiness T-0001 
  ---
  duration_ms: 3.881666
  type: 'test'
  ...
# Subtest: 01-unresolved-decision-blocks \#2 ci T-0001 src/a.ts
ok 27 - 01-unresolved-decision-blocks \#2 ci T-0001 src/a.ts
  ---
  duration_ms: 3.746959
  type: 'test'
  ...
# Subtest: 02-unrelated-task-ready \#1 readiness T-0002 
ok 28 - 02-unrelated-task-ready \#1 readiness T-0002 
  ---
  duration_ms: 6.124459
  type: 'test'
  ...
# Subtest: 02-unrelated-task-ready \#2 readiness T-0001 
ok 29 - 02-unrelated-task-ready \#2 readiness T-0001 
  ---
  duration_ms: 0.962583
  type: 'test'
  ...
# Subtest: 02-unrelated-task-ready \#3 ci T-0002 src/b.ts
ok 30 - 02-unrelated-task-ready \#3 ci T-0002 src/b.ts
  ---
  duration_ms: 2.9145
  type: 'test'
  ...
# Subtest: 03-self-declared-resolution \#1 readiness T-0001 
ok 31 - 03-self-declared-resolution \#1 readiness T-0001 
  ---
  duration_ms: 2.72125
  type: 'test'
  ...
# Subtest: 03-self-declared-resolution \#2 ci T-0001 src/a.ts,docs/workflow/decisions/D-0001.md
ok 32 - 03-self-declared-resolution \#2 ci T-0001 src/a.ts,docs/workflow/decisions/D-0001.md
  ---
  duration_ms: 3.001125
  type: 'test'
  ...
# Subtest: 04a-accepted-decision-permits \#1 readiness T-0001 
ok 33 - 04a-accepted-decision-permits \#1 readiness T-0001 
  ---
  duration_ms: 1.020375
  type: 'test'
  ...
# Subtest: 04a-accepted-decision-permits \#2 ci T-0001 src/a.ts
ok 34 - 04a-accepted-decision-permits \#2 ci T-0001 src/a.ts
  ---
  duration_ms: 2.83525
  type: 'test'
  ...
# Subtest: 04b-supersession-invalidates \#1 readiness T-0001 
ok 35 - 04b-supersession-invalidates \#1 readiness T-0001 
  ---
  duration_ms: 1.286292
  type: 'test'
  ...
# Subtest: 05a-deferred-not-yet-blocking \#1 readiness T-0001 
ok 36 - 05a-deferred-not-yet-blocking \#1 readiness T-0001 
  ---
  duration_ms: 1.061875
  type: 'test'
  ...
# Subtest: 05b-deferred-blocks-at-stage \#1 readiness T-0001 
ok 37 - 05b-deferred-blocks-at-stage \#1 readiness T-0001 
  ---
  duration_ms: 0.999833
  type: 'test'
  ...
# Subtest: 06a-contract-prerequisite \#1 readiness T-0002 
ok 38 - 06a-contract-prerequisite \#1 readiness T-0002 
  ---
  duration_ms: 1.435125
  type: 'test'
  ...
# Subtest: 06a-contract-prerequisite \#2 readiness T-0003 
ok 39 - 06a-contract-prerequisite \#2 readiness T-0003 
  ---
  duration_ms: 0.796125
  type: 'test'
  ...
# Subtest: 06b-failing-repair-baseline \#1 readiness T-0001 
ok 40 - 06b-failing-repair-baseline \#1 readiness T-0001 
  ---
  duration_ms: 1.030542
  type: 'test'
  ...
# Subtest: 06c-missing-baseline-result \#1 readiness T-0001 
ok 41 - 06c-missing-baseline-result \#1 readiness T-0001 
  ---
  duration_ms: 1.029167
  type: 'test'
  ...
# Subtest: 07-planning-while-blocked \#1 ci T-0001 docs/workflow/tasks/T-0001.md,docs/workflow/feedback/inbox/F-0001.md
ok 42 - 07-planning-while-blocked \#1 ci T-0001 docs/workflow/tasks/T-0001.md,docs/workflow/feedback/inbox/F-0001.md
  ---
  duration_ms: 1.150708
  type: 'test'
  ...
# Subtest: 07-planning-while-blocked \#2 ci  docs/workflow/tasks/T-0002.md
ok 43 - 07-planning-while-blocked \#2 ci  docs/workflow/tasks/T-0002.md
  ---
  duration_ms: 0.905459
  type: 'test'
  ...
# Subtest: 07-planning-while-blocked \#3 ci T-0001 src/a.ts
ok 44 - 07-planning-while-blocked \#3 ci T-0001 src/a.ts
  ---
  duration_ms: 2.670667
  type: 'test'
  ...
# Subtest: 08a-unclassified-path \#1 ci T-0001 mystery/thing.bin
ok 45 - 08a-unclassified-path \#1 ci T-0001 mystery/thing.bin
  ---
  duration_ms: 0.906333
  type: 'test'
  ...
# Subtest: 08b-misclassified-production \#1 ci T-0001 docs/workflow/tasks/run.sh
ok 46 - 08b-misclassified-production \#1 ci T-0001 docs/workflow/tasks/run.sh
  ---
  duration_ms: 2.292834
  type: 'test'
  ...
# Subtest: 08c-candidate-config-ignored \#1 ci T-0001 src/a.ts,docs/workflow/config.json
ok 47 - 08c-candidate-config-ignored \#1 ci T-0001 src/a.ts,docs/workflow/config.json
  ---
  duration_ms: 3.4685
  type: 'test'
  ...
# Subtest: 09-bounded-subset \#1 readiness T-0001 
ok 48 - 09-bounded-subset \#1 readiness T-0001 
  ---
  duration_ms: 1.294417
  type: 'test'
  ...
# Subtest: 09-bounded-subset \#2 ci T-0001 src/pricing/calc.ts
ok 49 - 09-bounded-subset \#2 ci T-0001 src/pricing/calc.ts
  ---
  duration_ms: 3.7555
  type: 'test'
  ...
# Subtest: 09-bounded-subset \#3 ci T-0001 src/receipt/pdf.ts
ok 50 - 09-bounded-subset \#3 ci T-0001 src/receipt/pdf.ts
  ---
  duration_ms: 2.036417
  type: 'test'
  ...
# Subtest: parses key: value pairs into strings
ok 51 - parses key: value pairs into strings
  ---
  duration_ms: 0.456875
  type: 'test'
  ...
# Subtest: parses [a, b] into a trimmed list and [] into an empty list
ok 52 - parses [a, b] into a trimmed list and [] into an empty list
  ---
  duration_ms: 0.332708
  type: 'test'
  ...
# Subtest: an empty value is null and comment lines are ignored
ok 53 - an empty value is null and comment lines are ignored
  ---
  duration_ms: 0.051167
  type: 'test'
  ...
# Subtest: returns the body after the closing delimiter
ok 54 - returns the body after the closing delimiter
  ---
  duration_ms: 0.042834
  type: 'test'
  ...
# Subtest: a file without front matter yields null data and the whole text as body
ok 55 - a file without front matter yields null data and the whole text as body
  ---
  duration_ms: 0.048042
  type: 'test'
  ...
# Subtest: duplicate authority fields are rejected instead of silently taking the last value
ok 56 - duplicate authority fields are rejected instead of silently taking the last value
  ---
  duration_ms: 0.121666
  type: 'test'
  ...
# Subtest: real Git CI validates the exact candidate with trusted receipts
ok 57 - real Git CI validates the exact candidate with trusted receipts
  ---
  duration_ms: 688.192125
  type: 'test'
  ...
# Subtest: real Git CI rejects missing assembled-candidate verification
ok 58 - real Git CI rejects missing assembled-candidate verification
  ---
  duration_ms: 640.132875
  type: 'test'
  ...
# Subtest: uncommitted task edits cannot disguise a committed candidate
ok 59 - uncommitted task edits cannot disguise a committed candidate
  ---
  duration_ms: 729.622042
  type: 'test'
  ...
# Subtest: trusted gates cannot be supplied a hand-picked changed-path list
ok 60 - trusted gates cannot be supplied a hand-picked changed-path list
  ---
  duration_ms: 189.924708
  type: 'test'
  ...
# Subtest: a trust key stored inside the candidate repo is rejected
ok 61 - a trust key stored inside the candidate repo is rejected
  ---
  duration_ms: 177.724167
  type: 'test'
  ...
# Subtest: lifecycle and session completion cannot omit required acceptance execution
ok 62 - lifecycle and session completion cannot omit required acceptance execution
  ---
  duration_ms: 1294.274583
  type: 'test'
  ...
# Subtest: renaming production code to a planning path retains the removed production path in the diff
ok 63 - renaming production code to a planning path retains the removed production path in the diff
  ---
  duration_ms: 227.044958
  type: 'test'
  ...
# Subtest: an authorised task can record its actual baseline on a milestone branch
ok 64 - an authorised task can record its actual baseline on a milestone branch
  ---
  duration_ms: 645.44825
  type: 'test'
  ...
# Subtest: ** crosses directories
ok 65 - ** crosses directories
  ---
  duration_ms: 0.514708
  type: 'test'
  ...
# Subtest: **/ matches zero or more leading directories
ok 66 - **/ matches zero or more leading directories
  ---
  duration_ms: 0.126
  type: 'test'
  ...
# Subtest: * stays within one path segment
ok 67 - * stays within one path segment
  ---
  duration_ms: 0.067375
  type: 'test'
  ...
# Subtest: {a,b} alternation and literal dots
ok 68 - {a,b} alternation and literal dots
  ---
  duration_ms: 0.105625
  type: 'test'
  ...
# Subtest: explicit worker credential verifies API and HTTPS Git routes
ok 69 - explicit worker credential verifies API and HTTPS Git routes
  ---
  duration_ms: 0.568083
  type: 'test'
  ...
# Subtest: missing worker credential stops before any owner credential fallback
ok 70 - missing worker credential stops before any owner credential fallback
  ---
  duration_ms: 0.059917
  type: 'test'
  ...
# Subtest: owner identity cannot masquerade as worker access
ok 71 - owner identity cannot masquerade as worker access
  ---
  duration_ms: 0.084333
  type: 'test'
  ...
# Subtest: expired worker credential is a failure and does not trigger another account
ok 72 - expired worker credential is a failure and does not trigger another account
  ---
  duration_ms: 0.055459
  type: 'test'
  ...
# Subtest: publishing to a different branch is rejected
ok 73 - publishing to a different branch is rejected
  ---
  duration_ms: 0.108417
  type: 'test'
  ...
# Subtest: multiple push URLs cannot hide an unapproved second destination
ok 74 - multiple push URLs cannot hide an unapproved second destination
  ---
  duration_ms: 0.058375
  type: 'test'
  ...
# Subtest: independent review is required even after all implementation checks pass
ok 75 - independent review is required even after all implementation checks pass
  ---
  duration_ms: 1.112958
  type: 'test'
  ...
# Subtest: verified checks and separate review allow technical completion
ok 76 - verified checks and separate review allow technical completion
  ---
  duration_ms: 0.403834
  type: 'test'
  ...
# Subtest: implementer cannot substitute their own review
ok 77 - implementer cannot substitute their own review
  ---
  duration_ms: 0.320375
  type: 'test'
  ...
# Subtest: open material review findings block completion
ok 78 - open material review findings block completion
  ---
  duration_ms: 0.322167
  type: 'test'
  ...
# Subtest: changed candidate invalidates earlier review
ok 79 - changed candidate invalidates earlier review
  ---
  duration_ms: 0.255583
  type: 'test'
  ...
# Subtest: acceptance needs assembled verification and owner decision
ok 80 - acceptance needs assembled verification and owner decision
  ---
  duration_ms: 0.35675
  type: 'test'
  ...
# Subtest: release needs readiness and explicit authority beyond acceptance
ok 81 - release needs readiness and explicit authority beyond acceptance
  ---
  duration_ms: 0.953959
  type: 'test'
  ...
# Subtest: clean exit and a status field alone are not progress
ok 82 - clean exit and a status field alone are not progress
  ---
  duration_ms: 0.146709
  type: 'test'
  ...
# Subtest: read-only findings are progress when evidence and next action are preserved
ok 83 - read-only findings are progress when evidence and next action are preserved
  ---
  duration_ms: 0.26375
  type: 'test'
  ...
# Subtest: a legitimate blocker is a valid session outcome
ok 84 - a legitimate blocker is a valid session outcome
  ---
  duration_ms: 0.269208
  type: 'test'
  ...
# Subtest: a limit outcome records usage and a saved checkpoint
ok 85 - a limit outcome records usage and a saved checkpoint
  ---
  duration_ms: 0.089625
  type: 'test'
  ...
# Subtest: integration stage requires a fresh assembled-candidate check receipt
ok 86 - integration stage requires a fresh assembled-candidate check receipt
  ---
  duration_ms: 0.29025
  type: 'test'
  ...
# Subtest: an integration receipt permits the assembled verification stage
ok 87 - an integration receipt permits the assembled verification stage
  ---
  duration_ms: 0.296875
  type: 'test'
  ...
# Subtest: signed raw post-commit evidence can be collected outside the tested tree
ok 88 - signed raw post-commit evidence can be collected outside the tested tree
  ---
  duration_ms: 0.271666
  type: 'test'
  ...
# Subtest: owner-signed exact revision provides approval evidence
ok 89 - owner-signed exact revision provides approval evidence
  ---
  duration_ms: 1.371708
  type: 'test'
  ...
# Subtest: a self-declared passed or approved field supplies no approval
ok 90 - a self-declared passed or approved field supplies no approval
  ---
  duration_ms: 0.174834
  type: 'test'
  ...
# Subtest: altered approval content is rejected
ok 91 - altered approval content is rejected
  ---
  duration_ms: 0.365625
  type: 'test'
  ...
# Subtest: wrong key, purpose, repository, revision and expired approvals are rejected
ok 92 - wrong key, purpose, repository, revision and expired approvals are rejected
  ---
  duration_ms: 0.760542
  type: 'test'
  ...
# Subtest: launcher uses pinned committed code despite changed cache files and candidate configuration
ok 93 - launcher uses pinned committed code despite changed cache files and candidate configuration
  ---
  duration_ms: 145.944792
  type: 'test'
  ...
# Subtest: launcher refuses local executable override
ok 94 - launcher refuses local executable override
  ---
  duration_ms: 74.140208
  type: 'test'
  ...
# Subtest: launcher refuses symbolic or abbreviated adoption references
ok 95 - launcher refuses symbolic or abbreviated adoption references
  ---
  duration_ms: 78.007083
  type: 'test'
  ...
1..95
# tests 95
# suites 0
# pass 95
# fail 0
# cancelled 0
# skipped 0
# todo 0
# duration_ms 4639.538833
